#
# There is insufficient memory for the Java Runtime Environment to continue.
# Native memory allocation (malloc) failed to allocate 3240 bytes. Error detail: nmethod: no space for immutable data
# Possible reasons:
#   The system is out of physical RAM or swap space
#   This process is running with CompressedOops enabled, and the Java Heap may be blocking the growth of the native heap
# Possible solutions:
#   Reduce memory load on the system
#   Increase physical memory or swap space
#   Check if swap backing store is full
#   Decrease Java heap size (-Xmx/-Xms)
#   Decrease number of Java threads
#   Decrease Java thread stack sizes (-Xss)
#   Set larger code cache with -XX:ReservedCodeCacheSize=
#   JVM is running with Unscaled Compressed Oops mode in which the Java heap is
#     placed in the first 4GB address space. The Java Heap base address is the
#     maximum limit for the native heap growth. Please use -XX:HeapBaseMinAddress
#     to set the Java Heap base and to place the Java Heap above 4GB virtual address.
# This output file may be truncated or incomplete.
#
#  Out of Memory Error (nmethod.cpp:1169), pid=14396, tid=21372
#
# JRE version: Java(TM) SE Runtime Environment (24.0.2+12) (build 24.0.2+12-54)
# Java VM: Java HotSpot(TM) 64-Bit Server VM (24.0.2+12-54, mixed mode, sharing, tiered, compressed oops, compressed class ptrs, g1 gc, windows-amd64)
# No core dump will be written. Minidumps are not enabled by default on client versions of Windows
#

---------------  S U M M A R Y ------------

Command Line: -javaagent:C:\Program Files\JetBrains\IntelliJ IDEA Community Edition 2024.3.3\lib\idea_rt.jar=52022:C:\Program Files\JetBrains\IntelliJ IDEA Community Edition 2024.3.3\bin -Dfile.encoding=UTF-8 -Dsun.stdout.encoding=UTF-8 -Dsun.stderr.encoding=UTF-8 com.cognizant.spring_learn.SpringLearnApplication

Host: 11th Gen Intel(R) Core(TM) i3-1115G4 @ 3.00GHz, 4 cores, 7G,  Windows 11 , 64 bit Build 26100 (10.0.26100.7920)
Time: Sat Jul 11 20:47:56 2026 India Standard Time elapsed time: 0.176305 seconds (0d 0h 0m 0s)

---------------  T H R E A D  ---------------

Current thread (0x00000201a779e5b0):  JavaThread "C1 CompilerThread0" daemon [_thread_in_vm, id=21372, stack(0x0000009027400000,0x0000009027500000) (1024K)]


Current CompileTask:
C1:176  237   !   3       java.util.zip.ZipFile$Source::checkAndAddEntry (347 bytes)

Stack: [0x0000009027400000,0x0000009027500000]
Native frames: (J=compiled Java code, j=interpreted, Vv=VM code, C=native code)
V  [jvm.dll+0x730829]  (no source info available)
V  [jvm.dll+0x8d9da3]  (no source info available)
V  [jvm.dll+0x8dc28d]  (no source info available)
V  [jvm.dll+0x8dc903]  (no source info available)
V  [jvm.dll+0x2a9f56]  (no source info available)
V  [jvm.dll+0x7042d4]  (no source info available)
V  [jvm.dll+0x20ff81]  (no source info available)
V  [jvm.dll+0x1718a6]  (no source info available)
V  [jvm.dll+0x170b3c]  (no source info available)
V  [jvm.dll+0x17295d]  (no source info available)
V  [jvm.dll+0x27e0cb]  (no source info available)
V  [jvm.dll+0x27c36a]  (no source info available)
V  [jvm.dll+0x42f396]  (no source info available)
V  [jvm.dll+0x87d9eb]  (no source info available)
V  [jvm.dll+0x72ef45]  (no source info available)
C  [ucrtbase.dll+0x37b0]  (no source info available)
C  [KERNEL32.DLL+0x2e8d7]  (no source info available)
C  [ntdll.dll+0x8c48c]  (no source info available)

Lock stack of current Java thread (top to bottom):


---------------  P R O C E S S  ---------------

Threads class SMR info:
_java_thread_list=0x00000201a7b9fbb0, length=10, elements={
0x000002018b482600, 0x00000201a77855c0, 0x00000201a7786d50, 0x00000201a77889a0,
0x00000201a778a5b0, 0x00000201a778b1d0, 0x00000201a778daa0, 0x00000201a7797570,
0x00000201a779e5b0, 0x00000201a7bc4490
}

Java Threads: ( => current thread )
  0x000002018b482600 JavaThread "main"                              [_thread_blocked, id=11776, stack(0x0000009026500000,0x0000009026600000) (1024K)]
  0x00000201a77855c0 JavaThread "Reference Handler"          daemon [_thread_blocked, id=21340, stack(0x0000009026d00000,0x0000009026e00000) (1024K)]
  0x00000201a7786d50 JavaThread "Finalizer"                  daemon [_thread_blocked, id=19780, stack(0x0000009026e00000,0x0000009026f00000) (1024K)]
  0x00000201a77889a0 JavaThread "Signal Dispatcher"          daemon [_thread_blocked, id=15332, stack(0x0000009026f00000,0x0000009027000000) (1024K)]
  0x00000201a778a5b0 JavaThread "Attach Listener"            daemon [_thread_blocked, id=6640, stack(0x0000009027000000,0x0000009027100000) (1024K)]
  0x00000201a778b1d0 JavaThread "Service Thread"             daemon [_thread_blocked, id=15972, stack(0x0000009027100000,0x0000009027200000) (1024K)]
  0x00000201a778daa0 JavaThread "Monitor Deflation Thread"   daemon [_thread_blocked, id=15844, stack(0x0000009027200000,0x0000009027300000) (1024K)]
  0x00000201a7797570 JavaThread "C2 CompilerThread0"         daemon [_thread_blocked, id=4472, stack(0x0000009027300000,0x0000009027400000) (1024K)]
=>0x00000201a779e5b0 JavaThread "C1 CompilerThread0"         daemon [_thread_in_vm, id=21372, stack(0x0000009027400000,0x0000009027500000) (1024K)]
  0x00000201a7bc4490 JavaThread "Common-Cleaner"             daemon [_thread_blocked, id=10228, stack(0x0000009027500000,0x0000009027600000) (1024K)]
Total: 10

Other Threads:
  0x00000201a7771a00 VMThread "VM Thread"                           [id=4300, stack(0x0000009026c00000,0x0000009026d00000) (1024K)]
  0x00000201a775fad0 WatcherThread "VM Periodic Task Thread"        [id=2976, stack(0x0000009026b00000,0x0000009026c00000) (1024K)]
  0x000002018b4d7410 WorkerThread "GC Thread#0"                     [id=2220, stack(0x0000009026600000,0x0000009026700000) (1024K)]
  0x000002018b509c60 ConcurrentGCThread "G1 Main Marker"            [id=14488, stack(0x0000009026700000,0x0000009026800000) (1024K)]
  0x000002018b50b620 WorkerThread "G1 Conc#0"                       [id=13248, stack(0x0000009026800000,0x0000009026900000) (1024K)]
  0x000002018b53e740 ConcurrentGCThread "G1 Refine#0"               [id=21028, stack(0x0000009026900000,0x0000009026a00000) (1024K)]
  0x00000201a7633b80 ConcurrentGCThread "G1 Service"                [id=17596, stack(0x0000009026a00000,0x0000009026b00000) (1024K)]
Total: 7

Threads with active compile tasks:
C1 CompilerThread0  223  237   !   3       java.util.zip.ZipFile$Source::checkAndAddEntry (347 bytes)
Total: 1

VM state: not at safepoint (normal execution)

VM Mutex/Monitor currently owned by a thread:  ([mutex/lock_event])
[0x00007ff928003070] MethodCompileQueue_lock - owner thread: 0x00000201a779e5b0
[0x00007ff928004570] Compile_lock - owner thread: 0x00000201a779e5b0

Heap address: 0x0000000085800000, size: 1960 MB, Compressed Oops mode: 32-bit

CDS archive(s) mapped at: [0x00000201a8000000-0x00000201a8d40000-0x00000201a8d40000), size 13893632, SharedBaseAddress: 0x00000201a8000000, ArchiveRelocationMode: 1.
Compressed class space mapped at: 0x00000201a9000000-0x00000201e9000000, reserved size: 1073741824
UseCompressedClassPointers 1, UseCompactObjectHeaders 0
Narrow klass pointer bits 32, Max shift 3
Narrow klass base: 0x00000201a8000000, Narrow klass shift: 0
Encoding Range: [0x00000201a8000000 - 0x00000202a8000000), (4294967296 bytes)
Klass Range:    [0x00000201a8000000 - 0x00000201e9000000), (1090519040 bytes)
Klass ID Range:  [8 - 1090519033) (1090519025)

GC Precious Log:
 CardTable entry size: 512
 Card Set container configuration: InlinePtr #cards 5 size 8 Array Of Cards #cards 10 size 36 Howl #buckets 4 coarsen threshold 1843 Howl Bitmap #cards 512 size 80 coarsen threshold 460 Card regions per heap region 1 cards per card region 2048
 CPUs: 4 total, 4 available
 Memory: 7834M
 Large Page Support: Disabled
 NUMA Support: Disabled
 Compressed Oops: Enabled (32-bit)
 Heap Region Size: 1M
 Heap Min Capacity: 8M
 Heap Initial Capacity: 124M
 Heap Max Capacity: 1960M
 Pre-touch: Disabled
 Parallel Workers: 4
 Concurrent Workers: 1
 Concurrent Refinement Workers: 4
 Periodic GC: Disabled

Heap:
 garbage-first heap   total reserved 2007040K, committed 129024K, used 3188K [0x0000000085800000, 0x0000000100000000)
  region size 1024K, 3 young (3072K), 0 survivors (0K)
 Metaspace       used 293K, committed 512K, reserved 1114112K
  class space    used 9K, committed 128K, reserved 1048576K

Heap Regions: E=young(eden), S=young(survivor), O=old, HS=humongous(starts), HC=humongous(continues), CS=collection set, F=free, TAMS=top-at-mark-start, PB=parsable bottom
|   0|0x0000000085800000, 0x0000000085800000, 0x0000000085900000|  0%| F|  |TAMS 0x0000000085800000| PB 0x0000000085800000| Untracked |  0
|   1|0x0000000085900000, 0x0000000085900000, 0x0000000085a00000|  0%| F|  |TAMS 0x0000000085900000| PB 0x0000000085900000| Untracked |  0
|   2|0x0000000085a00000, 0x0000000085a00000, 0x0000000085b00000|  0%| F|  |TAMS 0x0000000085a00000| PB 0x0000000085a00000| Untracked |  0
|   3|0x0000000085b00000, 0x0000000085b00000, 0x0000000085c00000|  0%| F|  |TAMS 0x0000000085b00000| PB 0x0000000085b00000| Untracked |  0
|   4|0x0000000085c00000, 0x0000000085c00000, 0x0000000085d00000|  0%| F|  |TAMS 0x0000000085c00000| PB 0x0000000085c00000| Untracked |  0
|   5|0x0000000085d00000, 0x0000000085d00000, 0x0000000085e00000|  0%| F|  |TAMS 0x0000000085d00000| PB 0x0000000085d00000| Untracked |  0
|   6|0x0000000085e00000, 0x0000000085e00000, 0x0000000085f00000|  0%| F|  |TAMS 0x0000000085e00000| PB 0x0000000085e00000| Untracked |  0
|   7|0x0000000085f00000, 0x0000000085f00000, 0x0000000086000000|  0%| F|  |TAMS 0x0000000085f00000| PB 0x0000000085f00000| Untracked |  0
|   8|0x0000000086000000, 0x0000000086000000, 0x0000000086100000|  0%| F|  |TAMS 0x0000000086000000| PB 0x0000000086000000| Untracked |  0
|   9|0x0000000086100000, 0x0000000086100000, 0x0000000086200000|  0%| F|  |TAMS 0x0000000086100000| PB 0x0000000086100000| Untracked |  0
|  10|0x0000000086200000, 0x0000000086200000, 0x0000000086300000|  0%| F|  |TAMS 0x0000000086200000| PB 0x0000000086200000| Untracked |  0
|  11|0x0000000086300000, 0x0000000086300000, 0x0000000086400000|  0%| F|  |TAMS 0x0000000086300000| PB 0x0000000086300000| Untracked |  0
|  12|0x0000000086400000, 0x0000000086400000, 0x0000000086500000|  0%| F|  |TAMS 0x0000000086400000| PB 0x0000000086400000| Untracked |  0
|  13|0x0000000086500000, 0x0000000086500000, 0x0000000086600000|  0%| F|  |TAMS 0x0000000086500000| PB 0x0000000086500000| Untracked |  0
|  14|0x0000000086600000, 0x0000000086600000, 0x0000000086700000|  0%| F|  |TAMS 0x0000000086600000| PB 0x0000000086600000| Untracked |  0
|  15|0x0000000086700000, 0x0000000086700000, 0x0000000086800000|  0%| F|  |TAMS 0x0000000086700000| PB 0x0000000086700000| Untracked |  0
|  16|0x0000000086800000, 0x0000000086800000, 0x0000000086900000|  0%| F|  |TAMS 0x0000000086800000| PB 0x0000000086800000| Untracked |  0
|  17|0x0000000086900000, 0x0000000086900000, 0x0000000086a00000|  0%| F|  |TAMS 0x0000000086900000| PB 0x0000000086900000| Untracked |  0
|  18|0x0000000086a00000, 0x0000000086a00000, 0x0000000086b00000|  0%| F|  |TAMS 0x0000000086a00000| PB 0x0000000086a00000| Untracked |  0
|  19|0x0000000086b00000, 0x0000000086b00000, 0x0000000086c00000|  0%| F|  |TAMS 0x0000000086b00000| PB 0x0000000086b00000| Untracked |  0
|  20|0x0000000086c00000, 0x0000000086c00000, 0x0000000086d00000|  0%| F|  |TAMS 0x0000000086c00000| PB 0x0000000086c00000| Untracked |  0
|  21|0x0000000086d00000, 0x0000000086d00000, 0x0000000086e00000|  0%| F|  |TAMS 0x0000000086d00000| PB 0x0000000086d00000| Untracked |  0
|  22|0x0000000086e00000, 0x0000000086e00000, 0x0000000086f00000|  0%| F|  |TAMS 0x0000000086e00000| PB 0x0000000086e00000| Untracked |  0
|  23|0x0000000086f00000, 0x0000000086f00000, 0x0000000087000000|  0%| F|  |TAMS 0x0000000086f00000| PB 0x0000000086f00000| Untracked |  0
|  24|0x0000000087000000, 0x0000000087000000, 0x0000000087100000|  0%| F|  |TAMS 0x0000000087000000| PB 0x0000000087000000| Untracked |  0
|  25|0x0000000087100000, 0x0000000087100000, 0x0000000087200000|  0%| F|  |TAMS 0x0000000087100000| PB 0x0000000087100000| Untracked |  0
|  26|0x0000000087200000, 0x0000000087200000, 0x0000000087300000|  0%| F|  |TAMS 0x0000000087200000| PB 0x0000000087200000| Untracked |  0
|  27|0x0000000087300000, 0x0000000087300000, 0x0000000087400000|  0%| F|  |TAMS 0x0000000087300000| PB 0x0000000087300000| Untracked |  0
|  28|0x0000000087400000, 0x0000000087400000, 0x0000000087500000|  0%| F|  |TAMS 0x0000000087400000| PB 0x0000000087400000| Untracked |  0
|  29|0x0000000087500000, 0x0000000087500000, 0x0000000087600000|  0%| F|  |TAMS 0x0000000087500000| PB 0x0000000087500000| Untracked |  0
|  30|0x0000000087600000, 0x0000000087600000, 0x0000000087700000|  0%| F|  |TAMS 0x0000000087600000| PB 0x0000000087600000| Untracked |  0
|  31|0x0000000087700000, 0x0000000087700000, 0x0000000087800000|  0%| F|  |TAMS 0x0000000087700000| PB 0x0000000087700000| Untracked |  0
|  32|0x0000000087800000, 0x0000000087800000, 0x0000000087900000|  0%| F|  |TAMS 0x0000000087800000| PB 0x0000000087800000| Untracked |  0
|  33|0x0000000087900000, 0x0000000087900000, 0x0000000087a00000|  0%| F|  |TAMS 0x0000000087900000| PB 0x0000000087900000| Untracked |  0
|  34|0x0000000087a00000, 0x0000000087a00000, 0x0000000087b00000|  0%| F|  |TAMS 0x0000000087a00000| PB 0x0000000087a00000| Untracked |  0
|  35|0x0000000087b00000, 0x0000000087b00000, 0x0000000087c00000|  0%| F|  |TAMS 0x0000000087b00000| PB 0x0000000087b00000| Untracked |  0
|  36|0x0000000087c00000, 0x0000000087c00000, 0x0000000087d00000|  0%| F|  |TAMS 0x0000000087c00000| PB 0x0000000087c00000| Untracked |  0
|  37|0x0000000087d00000, 0x0000000087d00000, 0x0000000087e00000|  0%| F|  |TAMS 0x0000000087d00000| PB 0x0000000087d00000| Untracked |  0
|  38|0x0000000087e00000, 0x0000000087e00000, 0x0000000087f00000|  0%| F|  |TAMS 0x0000000087e00000| PB 0x0000000087e00000| Untracked |  0
|  39|0x0000000087f00000, 0x0000000087f00000, 0x0000000088000000|  0%| F|  |TAMS 0x0000000087f00000| PB 0x0000000087f00000| Untracked |  0
|  40|0x0000000088000000, 0x0000000088000000, 0x0000000088100000|  0%| F|  |TAMS 0x0000000088000000| PB 0x0000000088000000| Untracked |  0
|  41|0x0000000088100000, 0x0000000088100000, 0x0000000088200000|  0%| F|  |TAMS 0x0000000088100000| PB 0x0000000088100000| Untracked |  0
|  42|0x0000000088200000, 0x0000000088200000, 0x0000000088300000|  0%| F|  |TAMS 0x0000000088200000| PB 0x0000000088200000| Untracked |  0
|  43|0x0000000088300000, 0x0000000088300000, 0x0000000088400000|  0%| F|  |TAMS 0x0000000088300000| PB 0x0000000088300000| Untracked |  0
|  44|0x0000000088400000, 0x0000000088400000, 0x0000000088500000|  0%| F|  |TAMS 0x0000000088400000| PB 0x0000000088400000| Untracked |  0
|  45|0x0000000088500000, 0x0000000088500000, 0x0000000088600000|  0%| F|  |TAMS 0x0000000088500000| PB 0x0000000088500000| Untracked |  0
|  46|0x0000000088600000, 0x0000000088600000, 0x0000000088700000|  0%| F|  |TAMS 0x0000000088600000| PB 0x0000000088600000| Untracked |  0
|  47|0x0000000088700000, 0x0000000088700000, 0x0000000088800000|  0%| F|  |TAMS 0x0000000088700000| PB 0x0000000088700000| Untracked |  0
|  48|0x0000000088800000, 0x0000000088800000, 0x0000000088900000|  0%| F|  |TAMS 0x0000000088800000| PB 0x0000000088800000| Untracked |  0
|  49|0x0000000088900000, 0x0000000088900000, 0x0000000088a00000|  0%| F|  |TAMS 0x0000000088900000| PB 0x0000000088900000| Untracked |  0
|  50|0x0000000088a00000, 0x0000000088a00000, 0x0000000088b00000|  0%| F|  |TAMS 0x0000000088a00000| PB 0x0000000088a00000| Untracked |  0
|  51|0x0000000088b00000, 0x0000000088b00000, 0x0000000088c00000|  0%| F|  |TAMS 0x0000000088b00000| PB 0x0000000088b00000| Untracked |  0
|  52|0x0000000088c00000, 0x0000000088c00000, 0x0000000088d00000|  0%| F|  |TAMS 0x0000000088c00000| PB 0x0000000088c00000| Untracked |  0
|  53|0x0000000088d00000, 0x0000000088d00000, 0x0000000088e00000|  0%| F|  |TAMS 0x0000000088d00000| PB 0x0000000088d00000| Untracked |  0
|  54|0x0000000088e00000, 0x0000000088e00000, 0x0000000088f00000|  0%| F|  |TAMS 0x0000000088e00000| PB 0x0000000088e00000| Untracked |  0
|  55|0x0000000088f00000, 0x0000000088f00000, 0x0000000089000000|  0%| F|  |TAMS 0x0000000088f00000| PB 0x0000000088f00000| Untracked |  0
|  56|0x0000000089000000, 0x0000000089000000, 0x0000000089100000|  0%| F|  |TAMS 0x0000000089000000| PB 0x0000000089000000| Untracked |  0
|  57|0x0000000089100000, 0x0000000089100000, 0x0000000089200000|  0%| F|  |TAMS 0x0000000089100000| PB 0x0000000089100000| Untracked |  0
|  58|0x0000000089200000, 0x0000000089200000, 0x0000000089300000|  0%| F|  |TAMS 0x0000000089200000| PB 0x0000000089200000| Untracked |  0
|  59|0x0000000089300000, 0x0000000089300000, 0x0000000089400000|  0%| F|  |TAMS 0x0000000089300000| PB 0x0000000089300000| Untracked |  0
|  60|0x0000000089400000, 0x0000000089400000, 0x0000000089500000|  0%| F|  |TAMS 0x0000000089400000| PB 0x0000000089400000| Untracked |  0
|  61|0x0000000089500000, 0x0000000089500000, 0x0000000089600000|  0%| F|  |TAMS 0x0000000089500000| PB 0x0000000089500000| Untracked |  0
|  62|0x0000000089600000, 0x0000000089600000, 0x0000000089700000|  0%| F|  |TAMS 0x0000000089600000| PB 0x0000000089600000| Untracked |  0
|  63|0x0000000089700000, 0x0000000089700000, 0x0000000089800000|  0%| F|  |TAMS 0x0000000089700000| PB 0x0000000089700000| Untracked |  0
|  64|0x0000000089800000, 0x0000000089800000, 0x0000000089900000|  0%| F|  |TAMS 0x0000000089800000| PB 0x0000000089800000| Untracked |  0
|  65|0x0000000089900000, 0x0000000089900000, 0x0000000089a00000|  0%| F|  |TAMS 0x0000000089900000| PB 0x0000000089900000| Untracked |  0
|  66|0x0000000089a00000, 0x0000000089a00000, 0x0000000089b00000|  0%| F|  |TAMS 0x0000000089a00000| PB 0x0000000089a00000| Untracked |  0
|  67|0x0000000089b00000, 0x0000000089b00000, 0x0000000089c00000|  0%| F|  |TAMS 0x0000000089b00000| PB 0x0000000089b00000| Untracked |  0
|  68|0x0000000089c00000, 0x0000000089c00000, 0x0000000089d00000|  0%| F|  |TAMS 0x0000000089c00000| PB 0x0000000089c00000| Untracked |  0
|  69|0x0000000089d00000, 0x0000000089d00000, 0x0000000089e00000|  0%| F|  |TAMS 0x0000000089d00000| PB 0x0000000089d00000| Untracked |  0
|  70|0x0000000089e00000, 0x0000000089e00000, 0x0000000089f00000|  0%| F|  |TAMS 0x0000000089e00000| PB 0x0000000089e00000| Untracked |  0
|  71|0x0000000089f00000, 0x0000000089f00000, 0x000000008a000000|  0%| F|  |TAMS 0x0000000089f00000| PB 0x0000000089f00000| Untracked |  0
|  72|0x000000008a000000, 0x000000008a000000, 0x000000008a100000|  0%| F|  |TAMS 0x000000008a000000| PB 0x000000008a000000| Untracked |  0
|  73|0x000000008a100000, 0x000000008a100000, 0x000000008a200000|  0%| F|  |TAMS 0x000000008a100000| PB 0x000000008a100000| Untracked |  0
|  74|0x000000008a200000, 0x000000008a200000, 0x000000008a300000|  0%| F|  |TAMS 0x000000008a200000| PB 0x000000008a200000| Untracked |  0
|  75|0x000000008a300000, 0x000000008a300000, 0x000000008a400000|  0%| F|  |TAMS 0x000000008a300000| PB 0x000000008a300000| Untracked |  0
|  76|0x000000008a400000, 0x000000008a400000, 0x000000008a500000|  0%| F|  |TAMS 0x000000008a400000| PB 0x000000008a400000| Untracked |  0
|  77|0x000000008a500000, 0x000000008a500000, 0x000000008a600000|  0%| F|  |TAMS 0x000000008a500000| PB 0x000000008a500000| Untracked |  0
|  78|0x000000008a600000, 0x000000008a600000, 0x000000008a700000|  0%| F|  |TAMS 0x000000008a600000| PB 0x000000008a600000| Untracked |  0
|  79|0x000000008a700000, 0x000000008a700000, 0x000000008a800000|  0%| F|  |TAMS 0x000000008a700000| PB 0x000000008a700000| Untracked |  0
|  80|0x000000008a800000, 0x000000008a800000, 0x000000008a900000|  0%| F|  |TAMS 0x000000008a800000| PB 0x000000008a800000| Untracked |  0
|  81|0x000000008a900000, 0x000000008a900000, 0x000000008aa00000|  0%| F|  |TAMS 0x000000008a900000| PB 0x000000008a900000| Untracked |  0
|  82|0x000000008aa00000, 0x000000008aa00000, 0x000000008ab00000|  0%| F|  |TAMS 0x000000008aa00000| PB 0x000000008aa00000| Untracked |  0
|  83|0x000000008ab00000, 0x000000008ab00000, 0x000000008ac00000|  0%| F|  |TAMS 0x000000008ab00000| PB 0x000000008ab00000| Untracked |  0
|  84|0x000000008ac00000, 0x000000008ac00000, 0x000000008ad00000|  0%| F|  |TAMS 0x000000008ac00000| PB 0x000000008ac00000| Untracked |  0
|  85|0x000000008ad00000, 0x000000008ad00000, 0x000000008ae00000|  0%| F|  |TAMS 0x000000008ad00000| PB 0x000000008ad00000| Untracked |  0
|  86|0x000000008ae00000, 0x000000008ae00000, 0x000000008af00000|  0%| F|  |TAMS 0x000000008ae00000| PB 0x000000008ae00000| Untracked |  0
|  87|0x000000008af00000, 0x000000008af00000, 0x000000008b000000|  0%| F|  |TAMS 0x000000008af00000| PB 0x000000008af00000| Untracked |  0
|  88|0x000000008b000000, 0x000000008b000000, 0x000000008b100000|  0%| F|  |TAMS 0x000000008b000000| PB 0x000000008b000000| Untracked |  0
|  89|0x000000008b100000, 0x000000008b100000, 0x000000008b200000|  0%| F|  |TAMS 0x000000008b100000| PB 0x000000008b100000| Untracked |  0
|  90|0x000000008b200000, 0x000000008b200000, 0x000000008b300000|  0%| F|  |TAMS 0x000000008b200000| PB 0x000000008b200000| Untracked |  0
|  91|0x000000008b300000, 0x000000008b300000, 0x000000008b400000|  0%| F|  |TAMS 0x000000008b300000| PB 0x000000008b300000| Untracked |  0
|  92|0x000000008b400000, 0x000000008b400000, 0x000000008b500000|  0%| F|  |TAMS 0x000000008b400000| PB 0x000000008b400000| Untracked |  0
|  93|0x000000008b500000, 0x000000008b500000, 0x000000008b600000|  0%| F|  |TAMS 0x000000008b500000| PB 0x000000008b500000| Untracked |  0
|  94|0x000000008b600000, 0x000000008b600000, 0x000000008b700000|  0%| F|  |TAMS 0x000000008b600000| PB 0x000000008b600000| Untracked |  0
|  95|0x000000008b700000, 0x000000008b700000, 0x000000008b800000|  0%| F|  |TAMS 0x000000008b700000| PB 0x000000008b700000| Untracked |  0
|  96|0x000000008b800000, 0x000000008b800000, 0x000000008b900000|  0%| F|  |TAMS 0x000000008b800000| PB 0x000000008b800000| Untracked |  0
|  97|0x000000008b900000, 0x000000008b900000, 0x000000008ba00000|  0%| F|  |TAMS 0x000000008b900000| PB 0x000000008b900000| Untracked |  0
|  98|0x000000008ba00000, 0x000000008ba00000, 0x000000008bb00000|  0%| F|  |TAMS 0x000000008ba00000| PB 0x000000008ba00000| Untracked |  0
|  99|0x000000008bb00000, 0x000000008bb00000, 0x000000008bc00000|  0%| F|  |TAMS 0x000000008bb00000| PB 0x000000008bb00000| Untracked |  0
| 100|0x000000008bc00000, 0x000000008bc00000, 0x000000008bd00000|  0%| F|  |TAMS 0x000000008bc00000| PB 0x000000008bc00000| Untracked |  0
| 101|0x000000008bd00000, 0x000000008bd00000, 0x000000008be00000|  0%| F|  |TAMS 0x000000008bd00000| PB 0x000000008bd00000| Untracked |  0
| 102|0x000000008be00000, 0x000000008be00000, 0x000000008bf00000|  0%| F|  |TAMS 0x000000008be00000| PB 0x000000008be00000| Untracked |  0
| 103|0x000000008bf00000, 0x000000008bf00000, 0x000000008c000000|  0%| F|  |TAMS 0x000000008bf00000| PB 0x000000008bf00000| Untracked |  0
| 104|0x000000008c000000, 0x000000008c000000, 0x000000008c100000|  0%| F|  |TAMS 0x000000008c000000| PB 0x000000008c000000| Untracked |  0
| 105|0x000000008c100000, 0x000000008c100000, 0x000000008c200000|  0%| F|  |TAMS 0x000000008c100000| PB 0x000000008c100000| Untracked |  0
| 106|0x000000008c200000, 0x000000008c200000, 0x000000008c300000|  0%| F|  |TAMS 0x000000008c200000| PB 0x000000008c200000| Untracked |  0
| 107|0x000000008c300000, 0x000000008c300000, 0x000000008c400000|  0%| F|  |TAMS 0x000000008c300000| PB 0x000000008c300000| Untracked |  0
| 108|0x000000008c400000, 0x000000008c400000, 0x000000008c500000|  0%| F|  |TAMS 0x000000008c400000| PB 0x000000008c400000| Untracked |  0
| 109|0x000000008c500000, 0x000000008c500000, 0x000000008c600000|  0%| F|  |TAMS 0x000000008c500000| PB 0x000000008c500000| Untracked |  0
| 110|0x000000008c600000, 0x000000008c600000, 0x000000008c700000|  0%| F|  |TAMS 0x000000008c600000| PB 0x000000008c600000| Untracked |  0
| 111|0x000000008c700000, 0x000000008c700000, 0x000000008c800000|  0%| F|  |TAMS 0x000000008c700000| PB 0x000000008c700000| Untracked |  0
| 112|0x000000008c800000, 0x000000008c800000, 0x000000008c900000|  0%| F|  |TAMS 0x000000008c800000| PB 0x000000008c800000| Untracked |  0
| 113|0x000000008c900000, 0x000000008c900000, 0x000000008ca00000|  0%| F|  |TAMS 0x000000008c900000| PB 0x000000008c900000| Untracked |  0
| 114|0x000000008ca00000, 0x000000008ca00000, 0x000000008cb00000|  0%| F|  |TAMS 0x000000008ca00000| PB 0x000000008ca00000| Untracked |  0
| 115|0x000000008cb00000, 0x000000008cb00000, 0x000000008cc00000|  0%| F|  |TAMS 0x000000008cb00000| PB 0x000000008cb00000| Untracked |  0
| 116|0x000000008cc00000, 0x000000008cc00000, 0x000000008cd00000|  0%| F|  |TAMS 0x000000008cc00000| PB 0x000000008cc00000| Untracked |  0
| 117|0x000000008cd00000, 0x000000008cd00000, 0x000000008ce00000|  0%| F|  |TAMS 0x000000008cd00000| PB 0x000000008cd00000| Untracked |  0
| 118|0x000000008ce00000, 0x000000008ce00000, 0x000000008cf00000|  0%| F|  |TAMS 0x000000008ce00000| PB 0x000000008ce00000| Untracked |  0
| 119|0x000000008cf00000, 0x000000008cf00000, 0x000000008d000000|  0%| F|  |TAMS 0x000000008cf00000| PB 0x000000008cf00000| Untracked |  0
| 120|0x000000008d000000, 0x000000008d000000, 0x000000008d100000|  0%| F|  |TAMS 0x000000008d000000| PB 0x000000008d000000| Untracked |  0
| 121|0x000000008d100000, 0x000000008d200000, 0x000000008d200000|100%| E|  |TAMS 0x000000008d100000| PB 0x000000008d100000| Complete |  0
| 122|0x000000008d200000, 0x000000008d300000, 0x000000008d300000|100%| E|CS|TAMS 0x000000008d200000| PB 0x000000008d200000| Complete |  0
| 123|0x000000008d300000, 0x000000008d400000, 0x000000008d400000|100%| E|CS|TAMS 0x000000008d300000| PB 0x000000008d300000| Complete |  0
|1958|0x00000000ffe00000, 0x00000000fff00000, 0x00000000fff00000|100%| O|  |TAMS 0x00000000ffe00000| PB 0x00000000ffe00000| Untracked |  0
|1959|0x00000000fff00000, 0x00000000fff1d248, 0x0000000100000000| 11%| O|  |TAMS 0x00000000fff00000| PB 0x00000000fff00000| Untracked |  0

Card table byte_map: [0x00000201a3100000,0x00000201a34e0000] _byte_map_base: 0x00000201a2cd4000

Marking Bits: (CMBitMap*) 0x000002018b4d7b20
 Bits: [0x00000201a34e0000, 0x00000201a5380000)

Polling page: 0x0000020188fe0000

Metaspace:

Usage:
  Non-class:    284.73 KB used.
      Class:      9.24 KB used.
       Both:    293.98 KB used.

Virtual space:
  Non-class space:       64.00 MB reserved,     384.00 KB ( <1%) committed,  1 nodes.
      Class space:        1.00 GB reserved,     128.00 KB ( <1%) committed,  1 nodes.
             Both:        1.06 GB reserved,     512.00 KB ( <1%) committed. 

Chunk freelists:
   Non-Class:  12.00 MB
       Class:  15.75 MB
        Both:  27.74 MB

MaxMetaspaceSize: unlimited
CompressedClassSpaceSize: 1.00 GB
Initial GC threshold: 21.00 MB
Current GC threshold: 21.00 MB
CDS: on
 - commit_granule_bytes: 65536.
 - commit_granule_words: 8192.
 - virtual_space_node_default_size: 8388608.
 - enlarge_chunks_in_place: 1.
UseCompressedClassPointers 1, UseCompactObjectHeaders 0
Narrow klass pointer bits 32, Max shift 3
Narrow klass base: 0x00000201a8000000, Narrow klass shift: 0
Encoding Range: [0x00000201a8000000 - 0x00000202a8000000), (4294967296 bytes)
Klass Range:    [0x00000201a8000000 - 0x00000201e9000000), (1090519040 bytes)
Klass ID Range:  [8 - 1090519033) (1090519025)


Internal statistics:

num_allocs_failed_limit: 0.
num_arena_births: 6.
num_arena_deaths: 0.
num_vsnodes_births: 2.
num_vsnodes_deaths: 0.
num_space_committed: 8.
num_space_uncommitted: 0.
num_chunks_returned_to_freelist: 0.
num_chunks_taken_from_freelist: 7.
num_chunk_merges: 0.
num_chunk_splits: 5.
num_chunks_enlarged: 2.
num_inconsistent_stats: 0.

CodeHeap 'non-profiled nmethods': size=120064Kb used=70Kb max_used=70Kb free=119993Kb
 bounds [0x000002019b7e0000, 0x000002019ba50000, 0x00000201a2d20000]
CodeHeap 'profiled nmethods': size=120000Kb used=193Kb max_used=193Kb free=119807Kb
 bounds [0x0000020193d20000, 0x0000020193f90000, 0x000002019b250000]
CodeHeap 'non-nmethods': size=5696Kb used=1297Kb max_used=1310Kb free=4399Kb
 bounds [0x000002019b250000, 0x000002019b4c0000, 0x000002019b7e0000]
CodeCache: size=245760Kb, used=1560Kb, max_used=1573Kb, free=244199Kb
 total_blobs=612, nmethods=236, adapters=282, full_count=0
Compilation: enabled, stopped_count=0, restarted_count=0

Compilation events (20 events):
Event: 0.170 Thread 0x00000201a779e5b0 nmethod 227 0x0000020193d4e708 code [0x0000020193d4e820, 0x0000020193d4e938]
Event: 0.170 Thread 0x00000201a7797570  228       4       java.lang.StringLatin1::indexOfChar (33 bytes)
Event: 0.171 Thread 0x00000201a779e5b0  229       3       java.util.zip.ZipUtils::CENNAM (9 bytes)
Event: 0.171 Thread 0x00000201a779e5b0 nmethod 229 0x0000020193d4ea08 code [0x0000020193d4eb20, 0x0000020193d4ec38]
Event: 0.171 Thread 0x00000201a779e5b0  230       3       java.util.zip.ZipUtils::CENSIZ (9 bytes)
Event: 0.171 Thread 0x00000201a779e5b0 nmethod 230 0x0000020193d4ed08 code [0x0000020193d4ee20, 0x0000020193d4ef38]
Event: 0.171 Thread 0x00000201a779e5b0  231       3       java.util.zip.ZipUtils::CENHOW (9 bytes)
Event: 0.171 Thread 0x00000201a779e5b0 nmethod 231 0x0000020193d4f008 code [0x0000020193d4f120, 0x0000020193d4f238]
Event: 0.172 Thread 0x00000201a779e5b0  232       3       java.util.zip.ZipUtils::CENLEN (9 bytes)
Event: 0.172 Thread 0x00000201a779e5b0 nmethod 232 0x0000020193d4f308 code [0x0000020193d4f420, 0x0000020193d4f538]
Event: 0.173 Thread 0x00000201a779e5b0  233       3       java.util.zip.ZipFile$Source::zipCoderForPos (39 bytes)
Event: 0.173 Thread 0x00000201a7797570 nmethod 228 0x000002019b7f1788 code [0x000002019b7f1880, 0x000002019b7f1a08]
Event: 0.173 Thread 0x00000201a779e5b0 nmethod 233 0x0000020193d4f608 code [0x0000020193d4f760, 0x0000020193d4faa0]
Event: 0.173 Thread 0x00000201a779e5b0  235       3       java.util.zip.ZipUtils::CENCOM (9 bytes)
Event: 0.173 Thread 0x00000201a779e5b0 nmethod 235 0x0000020193d4fb08 code [0x0000020193d4fc20, 0x0000020193d4fd38]
Event: 0.173 Thread 0x00000201a779e5b0  234       3       java.util.zip.ZipUtils::CENOFF (9 bytes)
Event: 0.173 Thread 0x00000201a779e5b0 nmethod 234 0x0000020193d4fe08 code [0x0000020193d4ff20, 0x0000020193d50038]
Event: 0.173 Thread 0x00000201a779e5b0  236       3       java.util.zip.ZipUtils::CENFLG (9 bytes)
Event: 0.173 Thread 0x00000201a779e5b0 nmethod 236 0x0000020193d50108 code [0x0000020193d50220, 0x0000020193d50338]
Event: 0.173 Thread 0x00000201a779e5b0  237   !   3       java.util.zip.ZipFile$Source::checkAndAddEntry (347 bytes)

GC Heap History (0 events):
No events

Dll operation events (7 events):
Event: 0.014 Loaded shared library C:\Program Files\Java\jdk-24\bin\java.dll
Event: 0.049 Loaded shared library C:\Program Files\Java\jdk-24\bin\jsvml.dll
Event: 0.144 Loaded shared library C:\Program Files\Java\jdk-24\bin\zip.dll
Event: 0.149 Loaded shared library C:\Program Files\Java\jdk-24\bin\instrument.dll
Event: 0.157 Loaded shared library C:\Program Files\Java\jdk-24\bin\net.dll
Event: 0.159 Loaded shared library C:\Program Files\Java\jdk-24\bin\nio.dll
Event: 0.163 Loaded shared library C:\Program Files\Java\jdk-24\bin\zip.dll

Deoptimization events (4 events):
Event: 0.132 Thread 0x000002018b482600 Uncommon trap: trap_request=0xffffff4d fr.pc=0x000002019b7ed3b0 relative=0x0000000000000610
Event: 0.132 Thread 0x000002018b482600 Uncommon trap: reason=unstable_if action=reinterpret pc=0x000002019b7ed3b0 method=java.util.HashMap.putVal(ILjava/lang/Object;Ljava/lang/Object;ZZ)Ljava/lang/Object; @ 69 c2
Event: 0.132 Thread 0x000002018b482600 DEOPT PACKING pc=0x000002019b7ed3b0 sp=0x00000090265fe750
Event: 0.132 Thread 0x000002018b482600 DEOPT UNPACKING pc=0x000002019b370202 sp=0x00000090265fe6d0 mode 2

Classes loaded (12 events):
Event: 0.113 Loading class jdk/internal/module/ModuleReferenceImpl$CachedHash
Event: 0.113 Loading class jdk/internal/module/ModuleReferenceImpl$CachedHash done
Event: 0.147 Loading class sun/instrument/InstrumentationImpl
Event: 0.147 Loading class java/lang/instrument/Instrumentation
Event: 0.148 Loading class java/lang/instrument/Instrumentation done
Event: 0.148 Loading class sun/instrument/InstrumentationImpl done
Event: 0.150 Loading class sun/instrument/TransformerManager
Event: 0.150 Loading class sun/instrument/TransformerManager done
Event: 0.150 Loading class sun/instrument/TransformerManager$TransformerInfo
Event: 0.150 Loading class sun/instrument/TransformerManager$TransformerInfo done
Event: 0.150 Loading class jdk/internal/loader/URLClassPath$FileLoader
Event: 0.150 Loading class jdk/internal/loader/URLClassPath$FileLoader done

Classes unloaded (0 events):
No events

Classes redefined (0 events):
No events

Internal exceptions (0 events):
No events

VM Operations (2 events):
Event: 0.113 Executing VM operation: HandshakeAllThreads (Deoptimize)
Event: 0.113 Executing VM operation: HandshakeAllThreads (Deoptimize) done

Memory protections (0 events):
No events

Nmethod flushes (0 events):
No events

Events (10 events):
Event: 0.033 Thread 0x000002018b482600 Thread added: 0x000002018b482600
Event: 0.046 Thread 0x000002018b482600 Thread added: 0x00000201a77855c0
Event: 0.046 Thread 0x000002018b482600 Thread added: 0x00000201a7786d50
Event: 0.046 Thread 0x000002018b482600 Thread added: 0x00000201a77889a0
Event: 0.046 Thread 0x000002018b482600 Thread added: 0x00000201a778a5b0
Event: 0.046 Thread 0x000002018b482600 Thread added: 0x00000201a778b1d0
Event: 0.046 Thread 0x000002018b482600 Thread added: 0x00000201a778daa0
Event: 0.046 Thread 0x000002018b482600 Thread added: 0x00000201a7797570
Event: 0.047 Thread 0x000002018b482600 Thread added: 0x00000201a779e5b0
Event: 0.154 Thread 0x000002018b482600 Thread added: 0x00000201a7bc4490


Dynamic libraries:
0x00007ff64d2b0000 - 0x00007ff64d2c0000 	C:\Program Files\Java\jdk-24\bin\java.exe
0x00007ff9e7fe0000 - 0x00007ff9e8247000 	C:\WINDOWS\SYSTEM32\ntdll.dll
0x00007ff9e6390000 - 0x00007ff9e6459000 	C:\WINDOWS\System32\KERNEL32.DLL
0x00007ff9e5890000 - 0x00007ff9e5c81000 	C:\WINDOWS\System32\KERNELBASE.dll
0x00007ff9e4d70000 - 0x00007ff9e4ebb000 	C:\WINDOWS\System32\ucrtbase.dll
0x00007ff9c1c10000 - 0x00007ff9c1c2b000 	C:\Program Files\Java\jdk-24\bin\VCRUNTIME140.dll
0x00007ff9a7ff0000 - 0x00007ff9a8006000 	C:\Program Files\Java\jdk-24\bin\jli.dll
0x00007ff9e7810000 - 0x00007ff9e79d5000 	C:\WINDOWS\System32\USER32.dll
0x00007ff9ce4c0000 - 0x00007ff9ce753000 	C:\WINDOWS\WinSxS\amd64_microsoft.windows.common-controls_6595b64144ccf1df_6.0.26100.7922_none_3e089e1ee3342171\COMCTL32.dll
0x00007ff9e5c90000 - 0x00007ff9e5cb7000 	C:\WINDOWS\System32\win32u.dll
0x00007ff9e6e10000 - 0x00007ff9e6eb9000 	C:\WINDOWS\System32\msvcrt.dll
0x00007ff9e7f40000 - 0x00007ff9e7f6b000 	C:\WINDOWS\System32\GDI32.dll
0x00007ff9e48c0000 - 0x00007ff9e49ea000 	C:\WINDOWS\System32\gdi32full.dll
0x00007ff9e4ec0000 - 0x00007ff9e4f63000 	C:\WINDOWS\System32\msvcp_win.dll
0x00007ff9e5d80000 - 0x00007ff9e5db1000 	C:\WINDOWS\System32\IMM32.DLL
0x00007ff9c15a0000 - 0x00007ff9c15ac000 	C:\Program Files\Java\jdk-24\bin\vcruntime140_1.dll
0x00007ff973cd0000 - 0x00007ff973d5e000 	C:\Program Files\Java\jdk-24\bin\msvcp140.dll
0x00007ff927340000 - 0x00007ff9280e1000 	C:\Program Files\Java\jdk-24\bin\server\jvm.dll
0x00007ff9e6220000 - 0x00007ff9e62db000 	C:\WINDOWS\System32\ADVAPI32.dll
0x00007ff9e62e0000 - 0x00007ff9e6387000 	C:\WINDOWS\System32\sechost.dll
0x00007ff9e6cf0000 - 0x00007ff9e6e08000 	C:\WINDOWS\System32\RPCRT4.dll
0x00007ff9e6180000 - 0x00007ff9e61f4000 	C:\WINDOWS\System32\WS2_32.dll
0x00007ff9e4710000 - 0x00007ff9e476e000 	C:\WINDOWS\SYSTEM32\POWRPROF.dll
0x00007ff9dc350000 - 0x00007ff9dc385000 	C:\WINDOWS\SYSTEM32\WINMM.dll
0x00007ff9d7b60000 - 0x00007ff9d7b6b000 	C:\WINDOWS\SYSTEM32\VERSION.dll
0x00007ff9e46f0000 - 0x00007ff9e4704000 	C:\WINDOWS\SYSTEM32\UMPDC.dll
0x00007ff9e3650000 - 0x00007ff9e366b000 	C:\WINDOWS\SYSTEM32\kernel.appcore.dll
0x00007ff9b7270000 - 0x00007ff9b727a000 	C:\Program Files\Java\jdk-24\bin\jimage.dll
0x00007ff9e2220000 - 0x00007ff9e2462000 	C:\WINDOWS\SYSTEM32\DBGHELP.DLL
0x00007ff9e5de0000 - 0x00007ff9e6162000 	C:\WINDOWS\System32\combase.dll
0x00007ff9e6460000 - 0x00007ff9e6537000 	C:\WINDOWS\System32\OLEAUT32.dll
0x00007ff9c0d90000 - 0x00007ff9c0dcb000 	C:\WINDOWS\SYSTEM32\dbgcore.DLL
0x00007ff9e4f70000 - 0x00007ff9e5015000 	C:\WINDOWS\System32\bcryptPrimitives.dll
0x00007ff9a5c90000 - 0x00007ff9a5c9f000 	C:\Program Files\Java\jdk-24\bin\instrument.dll
0x00007ff9a5d10000 - 0x00007ff9a5d2e000 	C:\Program Files\Java\jdk-24\bin\java.dll
0x00007ff9e79e0000 - 0x00007ff9e7b75000 	C:\WINDOWS\System32\ole32.dll
0x00007ff9e70a0000 - 0x00007ff9e77ff000 	C:\WINDOWS\System32\SHELL32.dll
0x00007ff9e49f0000 - 0x00007ff9e4b5a000 	C:\WINDOWS\System32\wintypes.dll
0x00007ff9e5020000 - 0x00007ff9e5884000 	C:\WINDOWS\System32\windows.storage.dll
0x00007ff9e7c00000 - 0x00007ff9e7cf7000 	C:\WINDOWS\System32\SHCORE.dll
0x00007ff9e69d0000 - 0x00007ff9e6a37000 	C:\WINDOWS\System32\shlwapi.dll
0x00007ff9e47e0000 - 0x00007ff9e4809000 	C:\WINDOWS\SYSTEM32\profapi.dll
0x00007ff9666c0000 - 0x00007ff966797000 	C:\Program Files\Java\jdk-24\bin\jsvml.dll
0x00007ff97e850000 - 0x00007ff97e867000 	C:\Program Files\Java\jdk-24\bin\zip.dll
0x00007ff995130000 - 0x00007ff995140000 	C:\Program Files\Java\jdk-24\bin\net.dll
0x00007ff9e3bc0000 - 0x00007ff9e3c2b000 	C:\WINDOWS\system32\mswsock.dll
0x00007ff97ec30000 - 0x00007ff97ec46000 	C:\Program Files\Java\jdk-24\bin\nio.dll

JVMTI agents:
C:\Program Files\JetBrains\IntelliJ IDEA Community Edition 2024.3.3\lib\idea_rt.jar path:C:\Program Files\Java\jdk-24\bin\instrument.dll, loaded, initialized, instrumentlib options:52022:C:\Program Files\JetBrains\IntelliJ IDEA Community Edition 2024.3.3\bin

dbghelp: loaded successfully - version: 4.0.5 - missing functions: none
symbol engine: initialized successfully - sym options: 0x614 - pdb path: .;C:\Program Files\Java\jdk-24\bin;C:\WINDOWS\SYSTEM32;C:\WINDOWS\WinSxS\amd64_microsoft.windows.common-controls_6595b64144ccf1df_6.0.26100.7922_none_3e089e1ee3342171;C:\Program Files\Java\jdk-24\bin\server

VM Arguments:
jvm_args: -javaagent:C:\Program Files\JetBrains\IntelliJ IDEA Community Edition 2024.3.3\lib\idea_rt.jar=52022:C:\Program Files\JetBrains\IntelliJ IDEA Community Edition 2024.3.3\bin -Dfile.encoding=UTF-8 -Dsun.stdout.encoding=UTF-8 -Dsun.stderr.encoding=UTF-8 
java_command: com.cognizant.spring_learn.SpringLearnApplication
java_class_path (initial): C:\Users\shiva\OneDrive\Desktop\javaFSE\Week-3\spring-learn\target\classes;C:\Users\shiva\.m2\repository\org\springframework\boot\spring-boot-starter-web\2.7.18\spring-boot-starter-web-2.7.18.jar;C:\Users\shiva\.m2\repository\org\springframework\boot\spring-boot-starter\2.7.18\spring-boot-starter-2.7.18.jar;C:\Users\shiva\.m2\repository\org\springframework\boot\spring-boot-starter-logging\2.7.18\spring-boot-starter-logging-2.7.18.jar;C:\Users\shiva\.m2\repository\ch\qos\logback\logback-classic\1.2.12\logback-classic-1.2.12.jar;C:\Users\shiva\.m2\repository\ch\qos\logback\logback-core\1.2.12\logback-core-1.2.12.jar;C:\Users\shiva\.m2\repository\org\apache\logging\log4j\log4j-to-slf4j\2.17.2\log4j-to-slf4j-2.17.2.jar;C:\Users\shiva\.m2\repository\org\apache\logging\log4j\log4j-api\2.17.2\log4j-api-2.17.2.jar;C:\Users\shiva\.m2\repository\org\slf4j\jul-to-slf4j\1.7.36\jul-to-slf4j-1.7.36.jar;C:\Users\shiva\.m2\repository\jakarta\annotation\jakarta.annotation-api\1.3.5\jakarta.annotation-api-1.3.5.jar;C:\Users\shiva\.m2\repository\org\yaml\snakeyaml\1.30\snakeyaml-1.30.jar;C:\Users\shiva\.m2\repository\org\springframework\boot\spring-boot-starter-json\2.7.18\spring-boot-starter-json-2.7.18.jar;C:\Users\shiva\.m2\repository\com\fasterxml\jackson\datatype\jackson-datatype-jdk8\2.13.5\jackson-datatype-jdk8-2.13.5.jar;C:\Users\shiva\.m2\repository\com\fasterxml\jackson\datatype\jackson-datatype-jsr310\2.13.5\jackson-datatype-jsr310-2.13.5.jar;C:\Users\shiva\.m2\repository\com\fasterxml\jackson\module\jackson-module-parameter-names\2.13.5\jackson-module-parameter-names-2.13.5.jar;C:\Users\shiva\.m2\repository\org\springframework\boot\spring-boot-starter-tomcat\2.7.18\spring-boot-starter-tomcat-2.7.18.jar;C:\Users\shiva\.m2\repository\org\apache\tomcat\embed\tomcat-embed-core\9.0.83\tomcat-embed-core-9.0.83.jar;C:\Users\shiva\.m2\repository\org\apache\tomcat\embed\tomcat-embed-el\9.0.83\tomcat-embed-el-9.0.83.jar;C:\Users\shiva\.m2\repository\org\apache\tomcat\embed\tomcat-embed-websocket\9.0.83\tomcat-embed-websocket-9.0.83.jar;C:\Users\shiva\.m2\repository\org\springframework\spring-web\5.3.31\spring-web-5.3.31.jar;C:\Users\shiva\.m2\repository\org\springframework\spring-beans\5.3.31\spring-beans-5.3.31.jar;C:\Users\shiva\.m2\repository\org\springframework\spring-webmvc\5.3.31\spring-webmvc-5.3.31.jar;C:\Users\shiva\.m2\repository\org\springframework\spring-context\5.3.31\spring-context-5.3.31.jar;C:\Users\shiva\.m2\repository\org\springframework\spring-expression\5.3.31\spring-expression-5.3.31.jar;C:\Users\shiva\.m2\repository\org\springframework\boot\spring-boot-starter-security\2.7.18\spring-boot-starter-security-2.7.18.jar;C:\Users\shiva\.m2\repository\org\springframework\spring-aop\5.3.31\spring-aop-5.3.31.jar;C:\Users\shiva\.m2\repository\org\springframework\security\spring-security-config\5.7.11\spring-security-config-5.7.11.jar;C:\Users\shiva\.m2\repository\org\springframework\security\spring-security-core\5.7.11\spring-security-core-5.7.11.jar;C:\Users\shiva\.m2\repository\org\springframework\security\spring-security-crypto\5.7.11\spring-security-crypto-5.7.11.jar;C:\Users\shiva\.m2\repository\org\springframework\security\spring-security-web\5.7.11\spring-security-web-5.7.11.jar;C:\Users\shiva\.m2\repository\io\jsonwebtoken\jjwt\0.9.0\jjwt-0.9.0.jar;C:\Users\shiva\.m2\repository\com\fasterxml\jackson\core\jackson-databind\2.13.5\jackson-databind-2.13.5.jar;C:\Users\shiva\.m2\repository\com\fasterxml\jackson\core\jackson-annotations\2.13.5\jackson-annotations-2.13.5.jar;C:\Users\shiva\.m2\repository\com\fasterxml\jackson\core\jackson-core\2.13.5\jackson-core-2.13.5.jar;C:\Users\shiva\.m2\repository\org\springframework\boot\spring-boot-devtools\2.7.18\spring-boot-devtools-2.7.18.jar;C:\Users\shiva\.m2\repository\org\springframework\boot\spring-boot\2.7.18\spring-boot-2.7.18.jar;C:\Users\shiva\.m2\repository\org\springframework\boot\spring-boot-autoconfigure\2.7.18\spring-boot-autoconfigure-2.7.18.jar;C:\Users\shiva\.m2\repository\org\slf4j\slf4j-api\1.7.36\slf4j-api-1.7.36.jar;C:\Users\shiva\.m2\repository\org\springframework\spring-core\5.3.31\spring-core-5.3.31.jar;C:\Users\shiva\.m2\repository\org\springframework\spring-jcl\5.3.31\spring-jcl-5.3.31.jar
Launcher Type: SUN_STANDARD

[Global flags]
     intx CICompilerCount                          = 3                                         {product} {ergonomic}
     uint ConcGCThreads                            = 1                                         {product} {ergonomic}
     uint G1ConcRefinementThreads                  = 4                                         {product} {ergonomic}
   size_t G1HeapRegionSize                         = 1048576                                   {product} {ergonomic}
   size_t InitialHeapSize                          = 130023424                                 {product} {ergonomic}
   size_t MarkStackSize                            = 4194304                                   {product} {ergonomic}
   size_t MarkStackSizeMax                         = 536870912                                 {product} {ergonomic}
   size_t MaxHeapSize                              = 2055208960                                {product} {ergonomic}
   size_t MaxNewSize                               = 1233125376                                {product} {ergonomic}
   size_t MinHeapDeltaBytes                        = 1048576                                   {product} {ergonomic}
   size_t MinHeapSize                              = 8388608                                   {product} {ergonomic}
    uintx NonNMethodCodeHeapSize                   = 5832704                                {pd product} {ergonomic}
    uintx NonProfiledCodeHeapSize                  = 122945536                              {pd product} {ergonomic}
    uintx ProfiledCodeHeapSize                     = 122880000                              {pd product} {ergonomic}
    uintx ReservedCodeCacheSize                    = 251658240                              {pd product} {ergonomic}
     bool SegmentedCodeCache                       = true                                      {product} {ergonomic}
   size_t SoftMaxHeapSize                          = 2055208960                             {manageable} {ergonomic}
     bool UseCompressedOops                        = true                           {product lp64_product} {ergonomic}
     bool UseG1GC                                  = true                                      {product} {ergonomic}
     bool UseLargePagesIndividualAllocation        = false                                  {pd product} {ergonomic}

Logging:
Log output configuration:
 #0: stdout all=warning uptime,level,tags foldmultilines=false
 #1: stderr all=off uptime,level,tags foldmultilines=false

Environment Variables:
PATH=C:\Program Files\Common Files\Oracle\Java\javapath;C:\windows\system32;C:\windows;C:\windows\System32\Wbem;C:\windows\System32\WindowsPowerShell\v1.0\;C:\windows\System32\OpenSSH\;C:\Program Files (x86)\Windows Kits\10\Windows Performance Toolkit\;C:\Program Files\HP\HP One Agent;C:\WINDOWS\system32;C:\WINDOWS;C:\WINDOWS\System32\Wbem;C:\WINDOWS\System32\WindowsPowerShell\v1.0\;C:\WINDOWS\System32\OpenSSH\;C:\Program Files\Git\cmd;C:\Users\shiva\Downloads\apache-maven-3.9.9-bin\apache-maven-3.9.9\bin;C:\Program Files\GitHub CLI\;C:\Program Files\nodejs\;C:\Program Files\Docker\Docker\resources\bin;C:\Program Files\Cloudflare\Cloudflare WARP\;C:\Users\shiva\AppData\Local\Programs\Python\Python314\Scripts\;C:\Users\shiva\AppData\Local\Programs\Python\Python314\;C:\Users\shiva\AppData\Local\Programs\Python\Launcher\;C:\Users\shiva\AppData\Local\Microsoft\WindowsApps;C:\Users\shiva\AppData\Local\Programs\Microsoft VS Code\bin;C:\Users\shiva\AppData\Local\GitHubDesktop\bin;C:\Program Files\JetBrains\IntelliJ IDEA Community Edition 2024.3.3\bin;;C:\Users\shiva\AppData\Roaming\npm;C:\flutter\src\flutter_windows_3.32.8-stable\flutter\bin;C:\Users\shiva\mongosh\;C:\Users\shiva\AppData\Local\Programs\Antigravity\bin;C:\Users\shiva\AppData\Local\Programs\Antigravity IDE\bin
USERNAME=shiva
OS=Windows_NT
PROCESSOR_IDENTIFIER=Intel64 Family 6 Model 140 Stepping 2, GenuineIntel
TMP=C:\Users\shiva\AppData\Local\Temp
TEMP=C:\Users\shiva\AppData\Local\Temp




Periodic native trim disabled

---------------  S Y S T E M  ---------------

OS:
 Windows 11 , 64 bit Build 26100 (10.0.26100.7920)
OS uptime: 0 days 1:01 hours
Hyper-V role detected

CPU: total 4 (initial active 4) (2 cores per cpu, 2 threads per core) family 6 model 140 stepping 2 microcode 0x34, cx8, cmov, fxsr, ht, mmx, 3dnowpref, sse, sse2, sse3, ssse3, sse4.1, sse4.2, popcnt, lzcnt, tsc, tscinvbit, avx, avx2, aes, erms, clmul, bmi1, bmi2, adx, avx512f, avx512dq, avx512cd, avx512bw, avx512vl, sha, fma, vzeroupper, avx512_vpopcntdq, avx512_vpclmulqdq, avx512_vaes, avx512_vnni, clflush, clflushopt, clwb, avx512_vbmi2, avx512_vbmi, hv, rdtscp, rdpid, fsrm, gfni, avx512_bitalg, f16c, cet_ibt, cet_ss, avx512_ifma
Processor Information for the first 4 processors :
  Max Mhz: 2901, Current Mhz: 2901, Mhz Limit: 2901

Memory: 4k page, system-wide physical 7834M (1336M free)
TotalPageFile size 12585M (AvailPageFile size 1M)
current process WorkingSet (physical memory assigned to process): 43M, peak: 43M
current process commit charge ("private bytes"): 200M, peak: 201M

vm_info: Java HotSpot(TM) 64-Bit Server VM (24.0.2+12-54) for windows-amd64 JRE (24.0.2+12-54), built on 2025-07-08T12:10:27Z with MS VC++ 17.6 (VS2022)

END.
